Archive member included to satisfy reference by file (symbol)

/Applications/Ac6/SystemWorkbench.app/Contents/Eclipse/plugins/fr.ac6.mcu.externaltools.arm-none.macos64_1.15.0.201708311556/tools/compiler/bin/../lib/gcc/arm-none-eabi/6.3.1/thumb/v7e-m/fpv4-sp/hard/libgcc.a(_aeabi_uldivmod.o)
                              Drivers/STM32F4xx_HAL_Driver/Src/stm32f4xx_hal_rcc.o (__aeabi_uldivmod)
/Applications/Ac6/SystemWorkbench.app/Contents/Eclipse/plugins/fr.ac6.mcu.externaltools.arm-none.macos64_1.15.0.201708311556/tools/compiler/bin/../lib/gcc/arm-none-eabi/6.3.1/thumb/v7e-m/fpv4-sp/hard/libgcc.a(_udivmoddi4.o)
                              /Applications/Ac6/SystemWorkbench.app/Contents/Eclipse/plugins/fr.ac6.mcu.externaltools.arm-none.macos64_1.15.0.201708311556/tools/compiler/bin/../lib/gcc/arm-none-eabi/6.3.1/thumb/v7e-m/fpv4-sp/hard/libgcc.a(_aeabi_uldivmod.o) (__udivmoddi4)
/Applications/Ac6/SystemWorkbench.app/Contents/Eclipse/plugins/fr.ac6.mcu.externaltools.arm-none.macos64_1.15.0.201708311556/tools/compiler/bin/../lib/gcc/arm-none-eabi/6.3.1/thumb/v7e-m/fpv4-sp/hard/libgcc.a(_dvmd_tls.o)
                              /Applications/Ac6/SystemWorkbench.app/Contents/Eclipse/plugins/fr.ac6.mcu.externaltools.arm-none.macos64_1.15.0.201708311556/tools/compiler/bin/../lib/gcc/arm-none-eabi/6.3.1/thumb/v7e-m/fpv4-sp/hard/libgcc.a(_aeabi_uldivmod.o) (__aeabi_ldiv0)
/Applications/Ac6/SystemWorkbench.app/Contents/Eclipse/plugins/fr.ac6.mcu.externaltools.arm-none.macos64_1.15.0.201708311556/tools/compiler/bin/../lib/gcc/arm-none-eabi/6.3.1/../../../../arm-none-eabi/lib/thumb/v7e-m/fpv4-sp/hard/libc_nano.a(lib_a-exit.o)
                              /Applications/Ac6/SystemWorkbench.app/Contents/Eclipse/plugins/fr.ac6.mcu.externaltools.arm-none.macos64_1.15.0.201708311556/tools/compiler/bin/../lib/gcc/arm-none-eabi/6.3.1/../../../../arm-none-eabi/lib/thumb/v7e-m/fpv4-sp/hard/crt0.o (exit)
/Applications/Ac6/SystemWorkbench.app/Contents/Eclipse/plugins/fr.ac6.mcu.externaltools.arm-none.macos64_1.15.0.201708311556/tools/compiler/bin/../lib/gcc/arm-none-eabi/6.3.1/../../../../arm-none-eabi/lib/thumb/v7e-m/fpv4-sp/hard/libc_nano.a(lib_a-impure.o)
                              /Applications/Ac6/SystemWorkbench.app/Contents/Eclipse/plugins/fr.ac6.mcu.externaltools.arm-none.macos64_1.15.0.201708311556/tools/compiler/bin/../lib/gcc/arm-none-eabi/6.3.1/../../../../arm-none-eabi/lib/thumb/v7e-m/fpv4-sp/hard/libc_nano.a(lib_a-exit.o) (_global_impure_ptr)
/Applications/Ac6/SystemWorkbench.app/Contents/Eclipse/plugins/fr.ac6.mcu.externaltools.arm-none.macos64_1.15.0.201708311556/tools/compiler/bin/../lib/gcc/arm-none-eabi/6.3.1/../../../../arm-none-eabi/lib/thumb/v7e-m/fpv4-sp/hard/libc_nano.a(lib_a-init.o)
                              /Applications/Ac6/SystemWorkbench.app/Contents/Eclipse/plugins/fr.ac6.mcu.externaltools.arm-none.macos64_1.15.0.201708311556/tools/compiler/bin/../lib/gcc/arm-none-eabi/6.3.1/../../../../arm-none-eabi/lib/thumb/v7e-m/fpv4-sp/hard/crt0.o (__libc_init_array)
/Applications/Ac6/SystemWorkbench.app/Contents/Eclipse/plugins/fr.ac6.mcu.externaltools.arm-none.macos64_1.15.0.201708311556/tools/compiler/bin/../lib/gcc/arm-none-eabi/6.3.1/../../../../arm-none-eabi/lib/thumb/v7e-m/fpv4-sp/hard/libc_nano.a(lib_a-memset.o)
                              /Applications/Ac6/SystemWorkbench.app/Contents/Eclipse/plugins/fr.ac6.mcu.externaltools.arm-none.macos64_1.15.0.201708311556/tools/compiler/bin/../lib/gcc/arm-none-eabi/6.3.1/../../../../arm-none-eabi/lib/thumb/v7e-m/fpv4-sp/hard/crt0.o (memset)
/Applications/Ac6/SystemWorkbench.app/Contents/Eclipse/plugins/fr.ac6.mcu.externaltools.arm-none.macos64_1.15.0.201708311556/tools/compiler/bin/../lib/gcc/arm-none-eabi/6.3.1/../../../../arm-none-eabi/lib/thumb/v7e-m/fpv4-sp/hard/libnosys.a(_exit.o)
                              /Applications/Ac6/SystemWorkbench.app/Contents/Eclipse/plugins/fr.ac6.mcu.externaltools.arm-none.macos64_1.15.0.201708311556/tools/compiler/bin/../lib/gcc/arm-none-eabi/6.3.1/../../../../arm-none-eabi/lib/thumb/v7e-m/fpv4-sp/hard/libc_nano.a(lib_a-exit.o) (_exit)

Allocating common symbols
Common symbol       size              file

gstrHifCxt          0x28              driver/source/m2m_hif.o
gu16BufferSize      0x2               socket/source/socket.o
uwTick              0x4               Drivers/STM32F4xx_HAL_Driver/Src/stm32f4xx_hal.o
pFlash              0x20              Drivers/STM32F4xx_HAL_Driver/Src/stm32f4xx_hal_flash.o
gsockerrno          0x1               socket/source/socket.o
hspi3               0x58              Src/main.o
gu8OpCode           0x1               socket/source/socket.o
SpiHandle           0x58              bus_wrapper/source/nm_bus_wrapper_stm32.o
gastrSockets        0xb0              socket/source/socket.o
gpfAppSocketCb      0x4               socket/source/socket.o
gfpPingCb           0x4               socket/source/socket.o
gpfAppResolveCb     0x4               socket/source/socket.o

Discarded input sections

[...]
Memory Configuration

Name             Origin             Length             Attributes
RAM              0x0000000020000000 0x0000000000020000 xrw
FLASH            0x0000000008000000 0x0000000000080000 xr
*default*        0x0000000000000000 0xffffffffffffffff

Linker script and memory map

LOAD /Applications/Ac6/SystemWorkbench.app/Contents/Eclipse/plugins/fr.ac6.mcu.externaltools.arm-none.macos64_1.15.0.201708311556/tools/compiler/bin/../lib/gcc/arm-none-eabi/6.3.1/thumb/v7e-m/fpv4-sp/hard/crti.o
LOAD /Applications/Ac6/SystemWorkbench.app/Contents/Eclipse/plugins/fr.ac6.mcu.externaltools.arm-none.macos64_1.15.0.201708311556/tools/compiler/bin/../lib/gcc/arm-none-eabi/6.3.1/thumb/v7e-m/fpv4-sp/hard/crtbegin.o
LOAD /Applications/Ac6/SystemWorkbench.app/Contents/Eclipse/plugins/fr.ac6.mcu.externaltools.arm-none.macos64_1.15.0.201708311556/tools/compiler/bin/../lib/gcc/arm-none-eabi/6.3.1/../../../../arm-none-eabi/lib/thumb/v7e-m/fpv4-sp/hard/crt0.o
LOAD Drivers/STM32F4xx_HAL_Driver/Src/stm32f4xx_hal.o
LOAD Drivers/STM32F4xx_HAL_Driver/Src/stm32f4xx_hal_cortex.o
LOAD Drivers/STM32F4xx_HAL_Driver/Src/stm32f4xx_hal_dma.o
LOAD Drivers/STM32F4xx_HAL_Driver/Src/stm32f4xx_hal_dma_ex.o
LOAD Drivers/STM32F4xx_HAL_Driver/Src/stm32f4xx_hal_flash.o
LOAD Drivers/STM32F4xx_HAL_Driver/Src/stm32f4xx_hal_flash_ex.o
LOAD Drivers/STM32F4xx_HAL_Driver/Src/stm32f4xx_hal_flash_ramfunc.o
LOAD Drivers/STM32F4xx_HAL_Driver/Src/stm32f4xx_hal_gpio.o
LOAD Drivers/STM32F4xx_HAL_Driver/Src/stm32f4xx_hal_pwr.o
LOAD Drivers/STM32F4xx_HAL_Driver/Src/stm32f4xx_hal_pwr_ex.o
LOAD Drivers/STM32F4xx_HAL_Driver/Src/stm32f4xx_hal_rcc.o
LOAD Drivers/STM32F4xx_HAL_Driver/Src/stm32f4xx_hal_rcc_ex.o
LOAD Drivers/STM32F4xx_HAL_Driver/Src/stm32f4xx_hal_spi.o
LOAD Drivers/STM32F4xx_HAL_Driver/Src/stm32f4xx_hal_tim.o
LOAD Drivers/STM32F4xx_HAL_Driver/Src/stm32f4xx_hal_tim_ex.o
LOAD Src/main.o
LOAD Src/stm32f4xx_hal_msp.o
LOAD Src/stm32f4xx_it.o
LOAD Src/system_stm32f4xx.o
LOAD bsp/source/nm_bsp_stm32.o
LOAD bus_wrapper/source/nm_bus_wrapper_stm32.o
LOAD common/source/nm_common.o
LOAD driver/source/m2m_ate_mode.o
LOAD driver/source/m2m_crypto.o
LOAD driver/source/m2m_hif.o
LOAD driver/source/m2m_ota.o
LOAD driver/source/m2m_periph.o
LOAD driver/source/m2m_ssl.o
LOAD driver/source/m2m_wifi.o
LOAD driver/source/nmasic.o
LOAD driver/source/nmbus.o
LOAD driver/source/nmdrv.o
LOAD driver/source/nmi2c.o
LOAD driver/source/nmspi.o
LOAD driver/source/nmuart.o
LOAD socket/source/socket.o
LOAD spi_flash/source/spi_flash.o
LOAD startup/startup_stm32f446xx.o
LOAD /Applications/Ac6/SystemWorkbench.app/Contents/Eclipse/plugins/fr.ac6.mcu.externaltools.arm-none.macos64_1.15.0.201708311556/tools/compiler/bin/../lib/gcc/arm-none-eabi/6.3.1/../../../../arm-none-eabi/lib/thumb/v7e-m/fpv4-sp/hard/libm.a
START GROUP
LOAD /Applications/Ac6/SystemWorkbench.app/Contents/Eclipse/plugins/fr.ac6.mcu.externaltools.arm-none.macos64_1.15.0.201708311556/tools/compiler/bin/../lib/gcc/arm-none-eabi/6.3.1/thumb/v7e-m/fpv4-sp/hard/libgcc.a
LOAD /Applications/Ac6/SystemWorkbench.app/Contents/Eclipse/plugins/fr.ac6.mcu.externaltools.arm-none.macos64_1.15.0.201708311556/tools/compiler/bin/../lib/gcc/arm-none-eabi/6.3.1/../../../../arm-none-eabi/lib/thumb/v7e-m/fpv4-sp/hard/libc_nano.a
END GROUP
START GROUP
LOAD /Applications/Ac6/SystemWorkbench.app/Contents/Eclipse/plugins/fr.ac6.mcu.externaltools.arm-none.macos64_1.15.0.201708311556/tools/compiler/bin/../lib/gcc/arm-none-eabi/6.3.1/thumb/v7e-m/fpv4-sp/hard/libgcc.a
LOAD /Applications/Ac6/SystemWorkbench.app/Contents/Eclipse/plugins/fr.ac6.mcu.externaltools.arm-none.macos64_1.15.0.201708311556/tools/compiler/bin/../lib/gcc/arm-none-eabi/6.3.1/../../../../arm-none-eabi/lib/thumb/v7e-m/fpv4-sp/hard/libc_nano.a
LOAD /Applications/Ac6/SystemWorkbench.app/Contents/Eclipse/plugins/fr.ac6.mcu.externaltools.arm-none.macos64_1.15.0.201708311556/tools/compiler/bin/../lib/gcc/arm-none-eabi/6.3.1/../../../../arm-none-eabi/lib/thumb/v7e-m/fpv4-sp/hard/libnosys.a
END GROUP
START GROUP
LOAD /Applications/Ac6/SystemWorkbench.app/Contents/Eclipse/plugins/fr.ac6.mcu.externaltools.arm-none.macos64_1.15.0.201708311556/tools/compiler/bin/../lib/gcc/arm-none-eabi/6.3.1/thumb/v7e-m/fpv4-sp/hard/libgcc.a
LOAD /Applications/Ac6/SystemWorkbench.app/Contents/Eclipse/plugins/fr.ac6.mcu.externaltools.arm-none.macos64_1.15.0.201708311556/tools/compiler/bin/../lib/gcc/arm-none-eabi/6.3.1/../../../../arm-none-eabi/lib/thumb/v7e-m/fpv4-sp/hard/libc_nano.a
LOAD /Applications/Ac6/SystemWorkbench.app/Contents/Eclipse/plugins/fr.ac6.mcu.externaltools.arm-none.macos64_1.15.0.201708311556/tools/compiler/bin/../lib/gcc/arm-none-eabi/6.3.1/../../../../arm-none-eabi/lib/thumb/v7e-m/fpv4-sp/hard/libnosys.a
END GROUP
LOAD /Applications/Ac6/SystemWorkbench.app/Contents/Eclipse/plugins/fr.ac6.mcu.externaltools.arm-none.macos64_1.15.0.201708311556/tools/compiler/bin/../lib/gcc/arm-none-eabi/6.3.1/thumb/v7e-m/fpv4-sp/hard/crtend.o
LOAD /Applications/Ac6/SystemWorkbench.app/Contents/Eclipse/plugins/fr.ac6.mcu.externaltools.arm-none.macos64_1.15.0.201708311556/tools/compiler/bin/../lib/gcc/arm-none-eabi/6.3.1/thumb/v7e-m/fpv4-sp/hard/crtn.o
                0x0000000020020000                _estack = 0x20020000
                0x0000000000000200                _Min_Heap_Size = 0x200
                0x0000000000000400                _Min_Stack_Size = 0x400

.isr_vector     0x0000000008000000      0x1c4
                0x0000000008000000                . = ALIGN (0x4)
 *(.isr_vector)
 .isr_vector    0x0000000008000000      0x1c4 startup/startup_stm32f446xx.o
                0x0000000008000000                g_pfnVectors
                0x00000000080001c4                . = ALIGN (0x4)

.text           0x00000000080001c4     0x1dc4
                0x00000000080001c4                . = ALIGN (0x4)
 *(.text)
 .text          0x00000000080001c4       0x6c /Applications/Ac6/SystemWorkbench.app/Contents/Eclipse/plugins/fr.ac6.mcu.externaltools.arm-none.macos64_1.15.0.201708311556/tools/compiler/bin/../lib/gcc/arm-none-eabi/6.3.1/thumb/v7e-m/fpv4-sp/hard/crtbegin.o
 .text          0x0000000008000230       0x30 /Applications/Ac6/SystemWorkbench.app/Contents/Eclipse/plugins/fr.ac6.mcu.externaltools.arm-none.macos64_1.15.0.201708311556/tools/compiler/bin/../lib/gcc/arm-none-eabi/6.3.1/thumb/v7e-m/fpv4-sp/hard/libgcc.a(_aeabi_uldivmod.o)
                0x0000000008000230                __aeabi_uldivmod
 .text          0x0000000008000260      0x2dc /Applications/Ac6/SystemWorkbench.app/Contents/Eclipse/plugins/fr.ac6.mcu.externaltools.arm-none.macos64_1.15.0.201708311556/tools/compiler/bin/../lib/gcc/arm-none-eabi/6.3.1/thumb/v7e-m/fpv4-sp/hard/libgcc.a(_udivmoddi4.o)
                0x0000000008000260                __udivmoddi4
 .text          0x000000000800053c        0x4 /Applications/Ac6/SystemWorkbench.app/Contents/Eclipse/plugins/fr.ac6.mcu.externaltools.arm-none.macos64_1.15.0.201708311556/tools/compiler/bin/../lib/gcc/arm-none-eabi/6.3.1/thumb/v7e-m/fpv4-sp/hard/libgcc.a(_dvmd_tls.o)
                0x000000000800053c                __aeabi_ldiv0
                0x000000000800053c                __aeabi_idiv0
 *(.text*)
 .text.HAL_InitTick
                0x0000000008000540       0x2c Drivers/STM32F4xx_HAL_Driver/Src/stm32f4xx_hal.o
                0x0000000008000540                HAL_InitTick
 .text.HAL_Init
                0x000000000800056c       0x34 Drivers/STM32F4xx_HAL_Driver/Src/stm32f4xx_hal.o
                0x000000000800056c                HAL_Init
 .text.HAL_IncTick
                0x00000000080005a0       0x10 Drivers/STM32F4xx_HAL_Driver/Src/stm32f4xx_hal.o
                0x00000000080005a0                HAL_IncTick
 .text.HAL_GetTick
                0x00000000080005b0        0xc Drivers/STM32F4xx_HAL_Driver/Src/stm32f4xx_hal.o
                0x00000000080005b0                HAL_GetTick
 .text.HAL_Delay
                0x00000000080005bc       0x24 Drivers/STM32F4xx_HAL_Driver/Src/stm32f4xx_hal.o
                0x00000000080005bc                HAL_Delay
 .text.HAL_NVIC_SetPriorityGrouping
                0x00000000080005e0       0x24 Drivers/STM32F4xx_HAL_Driver/Src/stm32f4xx_hal_cortex.o
                0x00000000080005e0                HAL_NVIC_SetPriorityGrouping
 .text.HAL_NVIC_SetPriority
                0x0000000008000604       0x64 Drivers/STM32F4xx_HAL_Driver/Src/stm32f4xx_hal_cortex.o
                0x0000000008000604                HAL_NVIC_SetPriority
 .text.HAL_NVIC_EnableIRQ
                0x0000000008000668       0x18 Drivers/STM32F4xx_HAL_Driver/Src/stm32f4xx_hal_cortex.o
                0x0000000008000668                HAL_NVIC_EnableIRQ
 .text.HAL_SYSTICK_Config
                0x0000000008000680       0x2c Drivers/STM32F4xx_HAL_Driver/Src/stm32f4xx_hal_cortex.o
                0x0000000008000680                HAL_SYSTICK_Config
 .text.HAL_SYSTICK_CLKSourceConfig
                0x00000000080006ac       0x20 Drivers/STM32F4xx_HAL_Driver/Src/stm32f4xx_hal_cortex.o
                0x00000000080006ac                HAL_SYSTICK_CLKSourceConfig
 .text.HAL_SYSTICK_Callback
                0x00000000080006cc        0x2 Drivers/STM32F4xx_HAL_Driver/Src/stm32f4xx_hal_cortex.o
                0x00000000080006cc                HAL_SYSTICK_Callback
 .text.HAL_SYSTICK_IRQHandler
                0x00000000080006ce        0x8 Drivers/STM32F4xx_HAL_Driver/Src/stm32f4xx_hal_cortex.o
                0x00000000080006ce                HAL_SYSTICK_IRQHandler
 *fill*         0x00000000080006d6        0x2 
 .text.HAL_GPIO_Init
                0x00000000080006d8      0x1c4 Drivers/STM32F4xx_HAL_Driver/Src/stm32f4xx_hal_gpio.o
                0x00000000080006d8                HAL_GPIO_Init
 .text.HAL_GPIO_DeInit
                0x000000000800089c      0x114 Drivers/STM32F4xx_HAL_Driver/Src/stm32f4xx_hal_gpio.o
                0x000000000800089c                HAL_GPIO_DeInit
 .text.HAL_GPIO_WritePin
                0x00000000080009b0        0xc Drivers/STM32F4xx_HAL_Driver/Src/stm32f4xx_hal_gpio.o
                0x00000000080009b0                HAL_GPIO_WritePin
 .text.HAL_GPIO_TogglePin
                0x00000000080009bc        0x8 Drivers/STM32F4xx_HAL_Driver/Src/stm32f4xx_hal_gpio.o
                0x00000000080009bc                HAL_GPIO_TogglePin
 .text.HAL_RCC_ClockConfig
                0x00000000080009c4      0x158 Drivers/STM32F4xx_HAL_Driver/Src/stm32f4xx_hal_rcc.o
                0x00000000080009c4                HAL_RCC_ClockConfig
 .text.HAL_RCC_GetHCLKFreq
                0x0000000008000b1c        0xc Drivers/STM32F4xx_HAL_Driver/Src/stm32f4xx_hal_rcc.o
                0x0000000008000b1c                HAL_RCC_GetHCLKFreq
 .text.HAL_RCC_GetSysClockFreq
                0x0000000008000b28      0x180 Drivers/STM32F4xx_HAL_Driver/Src/stm32f4xx_hal_rcc_ex.o
                0x0000000008000b28                HAL_RCC_GetSysClockFreq
 .text.HAL_RCC_OscConfig
                0x0000000008000ca8      0x3a4 Drivers/STM32F4xx_HAL_Driver/Src/stm32f4xx_hal_rcc_ex.o
                0x0000000008000ca8                HAL_RCC_OscConfig
 .text.HAL_SPI_Init
                0x000000000800104c       0x80 Drivers/STM32F4xx_HAL_Driver/Src/stm32f4xx_hal_spi.o
                0x000000000800104c                HAL_SPI_Init
 .text.HAL_SPI_DeInit
                0x00000000080010cc       0x2c Drivers/STM32F4xx_HAL_Driver/Src/stm32f4xx_hal_spi.o
                0x00000000080010cc                HAL_SPI_DeInit
 .text.Init_Stm_Led
                0x00000000080010f8       0x40 Src/main.o
                0x00000000080010f8                Init_Stm_Led
 .text._Error_Handler
                0x0000000008001138       0x18 Src/main.o
                0x0000000008001138                _Error_Handler
 .text.SystemClock_Config
                0x0000000008001150       0xc4 Src/main.o
                0x0000000008001150                SystemClock_Config
 .text.main     0x0000000008001214       0x48 Src/main.o
                0x0000000008001214                main
 .text.HAL_MspInit
                0x000000000800125c       0x5e Src/stm32f4xx_hal_msp.o
                0x000000000800125c                HAL_MspInit
 *fill*         0x00000000080012ba        0x2 
 .text.HAL_SPI_MspInit
                0x00000000080012bc       0x68 Src/stm32f4xx_hal_msp.o
                0x00000000080012bc                HAL_SPI_MspInit
 .text.HAL_SPI_MspDeInit
                0x0000000008001324       0x30 Src/stm32f4xx_hal_msp.o
                0x0000000008001324                HAL_SPI_MspDeInit
 .text.SysTick_Handler
                0x0000000008001354        0xc Src/stm32f4xx_it.o
                0x0000000008001354                SysTick_Handler
 .text.SystemInit
                0x0000000008001360       0x4c Src/system_stm32f4xx.o
                0x0000000008001360                SystemInit
 .text.init_chip_pins
                0x00000000080013ac       0x74 bsp/source/nm_bsp_stm32.o
 .text.nm_bsp_sleep
                0x0000000008001420       0x14 bsp/source/nm_bsp_stm32.o
                0x0000000008001420                nm_bsp_sleep
 .text.nm_bsp_reset
                0x0000000008001434       0x34 bsp/source/nm_bsp_stm32.o
                0x0000000008001434                nm_bsp_reset
 .text.nm_bsp_init
                0x0000000008001468       0x18 bsp/source/nm_bsp_stm32.o
                0x0000000008001468                nm_bsp_init
 .text.nm_bsp_register_isr
                0x0000000008001480       0x1c bsp/source/nm_bsp_stm32.o
                0x0000000008001480                nm_bsp_register_isr
 .text.nm_bus_init
                0x000000000800149c       0xa0 bus_wrapper/source/nm_bus_wrapper_stm32.o
                0x000000000800149c                nm_bus_init
 .text.nm_bus_deinit
                0x000000000800153c       0x10 bus_wrapper/source/nm_bus_wrapper_stm32.o
                0x000000000800153c                nm_bus_deinit
 .text.m2m_memset
                0x000000000800154c        0xe common/source/nm_common.o
                0x000000000800154c                m2m_memset
 *fill*         0x000000000800155a        0x2 
 .text.isr      0x000000000800155c       0x10 driver/source/m2m_hif.o
 .text.m2m_hif_cb
                0x000000000800156c        0x2 driver/source/m2m_hif.o
 *fill*         0x000000000800156e        0x2 
 .text.hif_set_rx_done
                0x0000000008001570       0x38 driver/source/m2m_hif.o
 .text.hif_receive
                0x00000000080015a8       0x78 driver/source/m2m_hif.o
                0x00000000080015a8                hif_receive
 .text.hif_register_cb
                0x0000000008001620       0x54 driver/source/m2m_hif.o
                0x0000000008001620                hif_register_cb
 .text.hif_init
                0x0000000008001674       0x2c driver/source/m2m_hif.o
                0x0000000008001674                hif_init
 .text.m2m_wifi_cb
                0x00000000080016a0      0x23c driver/source/m2m_wifi.o
 .text.m2m_wifi_init
                0x00000000080018dc       0x58 driver/source/m2m_wifi.o
                0x00000000080018dc                m2m_wifi_init
 .text.chip_apply_conf
                0x0000000008001934       0x30 driver/source/nmasic.o
                0x0000000008001934                chip_apply_conf
 .text.enable_interrupts
                0x0000000008001964       0x5a driver/source/nmasic.o
                0x0000000008001964                enable_interrupts
 *fill*         0x00000000080019be        0x2 
 .text.nmi_get_chipid
                0x00000000080019c0       0xb4 driver/source/nmasic.o
                0x00000000080019c0                nmi_get_chipid
 .text.wait_for_bootrom
                0x0000000008001a74       0xd4 driver/source/nmasic.o
                0x0000000008001a74                wait_for_bootrom
 .text.wait_for_firmware_start
                0x0000000008001b48       0x74 driver/source/nmasic.o
                0x0000000008001b48                wait_for_firmware_start
 .text.chip_deinit
                0x0000000008001bbc       0x34 driver/source/nmasic.o
                0x0000000008001bbc                chip_deinit
 .text.p_nm_read_block
                0x0000000008001bf0        0x2 driver/source/nmbus.o
 .text.nm_bus_iface_init
                0x0000000008001bf2        0x8 driver/source/nmbus.o
                0x0000000008001bf2                nm_bus_iface_init
 .text.nm_bus_iface_deinit
                0x0000000008001bfa        0x8 driver/source/nmbus.o
                0x0000000008001bfa                nm_bus_iface_deinit
 .text.nm_read_reg
                0x0000000008001c02        0x2 driver/source/nmbus.o
                0x0000000008001c02                nm_read_reg
 .text.nm_read_reg_with_ret
                0x0000000008001c04        0x2 driver/source/nmbus.o
                0x0000000008001c04                nm_read_reg_with_ret
 .text.nm_write_reg
                0x0000000008001c06        0x2 driver/source/nmbus.o
                0x0000000008001c06                nm_write_reg
 .text.nm_read_block
                0x0000000008001c08       0x54 driver/source/nmbus.o
                0x0000000008001c08                nm_read_block
 .text.nm_get_firmware_full_info
                0x0000000008001c5c       0xd4 driver/source/nmdrv.o
                0x0000000008001c5c                nm_get_firmware_full_info
 .text.nm_drv_init
                0x0000000008001d30       0x54 driver/source/nmdrv.o
                0x0000000008001d30                nm_drv_init
 .text.nm_drv_deinit
                0x0000000008001d84       0x28 driver/source/nmdrv.o
                0x0000000008001d84                nm_drv_deinit
 .text.spi_flash_leave_low_power_mode
                0x0000000008001dac       0x5c spi_flash/source/spi_flash.o
 .text.spi_flash_enter_low_power_mode
                0x0000000008001e08       0x5c spi_flash/source/spi_flash.o
 .text.spi_flash_enable
                0x0000000008001e64       0x6e spi_flash/source/spi_flash.o
                0x0000000008001e64                spi_flash_enable
 *fill*         0x0000000008001ed2        0x2 
 .text.Reset_Handler
                0x0000000008001ed4       0x50 startup/startup_stm32f446xx.o
                0x0000000008001ed4                Reset_Handler
 .text.Default_Handler
                0x0000000008001f24        0x2 startup/startup_stm32f446xx.o
                0x0000000008001f24                FMPI2C1_Error_IRQHandler
                0x0000000008001f24                EXTI2_IRQHandler
                0x0000000008001f24                TIM8_CC_IRQHandler
                0x0000000008001f24                DebugMon_Handler
                0x0000000008001f24                SPI4_IRQHandler
                0x0000000008001f24                TIM1_CC_IRQHandler
                0x0000000008001f24                DMA2_Stream5_IRQHandler
                0x0000000008001f24                HardFault_Handler
                0x0000000008001f24                DMA1_Stream5_IRQHandler
                0x0000000008001f24                PVD_IRQHandler
                0x0000000008001f24                SDIO_IRQHandler
                0x0000000008001f24                TAMP_STAMP_IRQHandler
                0x0000000008001f24                PendSV_Handler
                0x0000000008001f24                NMI_Handler
                0x0000000008001f24                CAN2_RX1_IRQHandler
                0x0000000008001f24                EXTI3_IRQHandler
                0x0000000008001f24                TIM8_TRG_COM_TIM14_IRQHandler
                0x0000000008001f24                TIM1_UP_TIM10_IRQHandler
                0x0000000008001f24                TIM8_UP_TIM13_IRQHandler
                0x0000000008001f24                I2C3_ER_IRQHandler
                0x0000000008001f24                FMPI2C1_Event_IRQHandler
                0x0000000008001f24                EXTI0_IRQHandler
                0x0000000008001f24                I2C2_EV_IRQHandler
                0x0000000008001f24                DMA1_Stream2_IRQHandler
                0x0000000008001f24                CAN1_RX0_IRQHandler
                0x0000000008001f24                FPU_IRQHandler
                0x0000000008001f24                OTG_HS_WKUP_IRQHandler
                0x0000000008001f24                UsageFault_Handler
                0x0000000008001f24                CAN2_SCE_IRQHandler
                0x0000000008001f24                DMA2_Stream2_IRQHandler
                0x0000000008001f24                SPI1_IRQHandler
                0x0000000008001f24                TIM6_DAC_IRQHandler
                0x0000000008001f24                TIM1_BRK_TIM9_IRQHandler
                0x0000000008001f24                DCMI_IRQHandler
                0x0000000008001f24                CAN2_RX0_IRQHandler
                0x0000000008001f24                DMA2_Stream3_IRQHandler
                0x0000000008001f24                SAI2_IRQHandler
                0x0000000008001f24                USART6_IRQHandler
                0x0000000008001f24                USART3_IRQHandler
                0x0000000008001f24                CAN1_RX1_IRQHandler
                0x0000000008001f24                UART5_IRQHandler
                0x0000000008001f24                DMA2_Stream0_IRQHandler
                0x0000000008001f24                TIM4_IRQHandler
                0x0000000008001f24                QUADSPI_IRQHandler
                0x0000000008001f24                I2C1_EV_IRQHandler
                0x0000000008001f24                DMA1_Stream6_IRQHandler
                0x0000000008001f24                DMA1_Stream1_IRQHandler
                0x0000000008001f24                UART4_IRQHandler
                0x0000000008001f24                TIM3_IRQHandler
                0x0000000008001f24                RCC_IRQHandler
                0x0000000008001f24                TIM8_BRK_TIM12_IRQHandler
                0x0000000008001f24                Default_Handler
                0x0000000008001f24                CEC_IRQHandler
                0x0000000008001f24                EXTI15_10_IRQHandler
                0x0000000008001f24                ADC_IRQHandler
                0x0000000008001f24                DMA1_Stream7_IRQHandler
                0x0000000008001f24                TIM7_IRQHandler
                0x0000000008001f24                CAN2_TX_IRQHandler
                0x0000000008001f24                TIM5_IRQHandler
                0x0000000008001f24                DMA2_Stream7_IRQHandler
                0x0000000008001f24                I2C3_EV_IRQHandler
                0x0000000008001f24                EXTI9_5_IRQHandler
                0x0000000008001f24                RTC_WKUP_IRQHandler
                0x0000000008001f24                SPDIF_RX_IRQHandler
                0x0000000008001f24                SPI2_IRQHandler
                0x0000000008001f24                OTG_HS_EP1_IN_IRQHandler
                0x0000000008001f24                MemManage_Handler
                0x0000000008001f24                DMA1_Stream0_IRQHandler
                0x0000000008001f24                CAN1_TX_IRQHandler
                0x0000000008001f24                SVC_Handler
                0x0000000008001f24                EXTI4_IRQHandler
                0x0000000008001f24                OTG_HS_EP1_OUT_IRQHandler
                0x0000000008001f24                WWDG_IRQHandler
                0x0000000008001f24                TIM2_IRQHandler
                0x0000000008001f24                OTG_FS_WKUP_IRQHandler
                0x0000000008001f24                TIM1_TRG_COM_TIM11_IRQHandler
                0x0000000008001f24                OTG_HS_IRQHandler
                0x0000000008001f24                EXTI1_IRQHandler
                0x0000000008001f24                USART2_IRQHandler
                0x0000000008001f24                I2C2_ER_IRQHandler
                0x0000000008001f24                DMA2_Stream1_IRQHandler
                0x0000000008001f24                CAN1_SCE_IRQHandler
                0x0000000008001f24                FLASH_IRQHandler
                0x0000000008001f24                DMA2_Stream4_IRQHandler
                0x0000000008001f24                BusFault_Handler
                0x0000000008001f24                USART1_IRQHandler
                0x0000000008001f24                OTG_FS_IRQHandler
                0x0000000008001f24                SPI3_IRQHandler
                0x0000000008001f24                DMA1_Stream4_IRQHandler
                0x0000000008001f24                I2C1_ER_IRQHandler
                0x0000000008001f24                FMC_IRQHandler
                0x0000000008001f24                DMA2_Stream6_IRQHandler
                0x0000000008001f24                SAI1_IRQHandler
                0x0000000008001f24                DMA1_Stream3_IRQHandler
                0x0000000008001f24                RTC_Alarm_IRQHandler
 *fill*         0x0000000008001f26        0x2 
 .text.__libc_init_array
                0x0000000008001f28       0x48 /Applications/Ac6/SystemWorkbench.app/Contents/Eclipse/plugins/fr.ac6.mcu.externaltools.arm-none.macos64_1.15.0.201708311556/tools/compiler/bin/../lib/gcc/arm-none-eabi/6.3.1/../../../../arm-none-eabi/lib/thumb/v7e-m/fpv4-sp/hard/libc_nano.a(lib_a-init.o)
                0x0000000008001f28                __libc_init_array
 *(.glue_7)
 .glue_7        0x0000000008001f70        0x0 linker stubs
 *(.glue_7t)
 .glue_7t       0x0000000008001f70        0x0 linker stubs
 *(.eh_frame)
 .eh_frame      0x0000000008001f70        0x0 /Applications/Ac6/SystemWorkbench.app/Contents/Eclipse/plugins/fr.ac6.mcu.externaltools.arm-none.macos64_1.15.0.201708311556/tools/compiler/bin/../lib/gcc/arm-none-eabi/6.3.1/thumb/v7e-m/fpv4-sp/hard/crtbegin.o
 *(.init)
 .init          0x0000000008001f70        0x4 /Applications/Ac6/SystemWorkbench.app/Contents/Eclipse/plugins/fr.ac6.mcu.externaltools.arm-none.macos64_1.15.0.201708311556/tools/compiler/bin/../lib/gcc/arm-none-eabi/6.3.1/thumb/v7e-m/fpv4-sp/hard/crti.o
                0x0000000008001f70                _init
 .init          0x0000000008001f74        0x8 /Applications/Ac6/SystemWorkbench.app/Contents/Eclipse/plugins/fr.ac6.mcu.externaltools.arm-none.macos64_1.15.0.201708311556/tools/compiler/bin/../lib/gcc/arm-none-eabi/6.3.1/thumb/v7e-m/fpv4-sp/hard/crtn.o
 *(.fini)
 .fini          0x0000000008001f7c        0x4 /Applications/Ac6/SystemWorkbench.app/Contents/Eclipse/plugins/fr.ac6.mcu.externaltools.arm-none.macos64_1.15.0.201708311556/tools/compiler/bin/../lib/gcc/arm-none-eabi/6.3.1/thumb/v7e-m/fpv4-sp/hard/crti.o
                0x0000000008001f7c                _fini
 .fini          0x0000000008001f80        0x8 /Applications/Ac6/SystemWorkbench.app/Contents/Eclipse/plugins/fr.ac6.mcu.externaltools.arm-none.macos64_1.15.0.201708311556/tools/compiler/bin/../lib/gcc/arm-none-eabi/6.3.1/thumb/v7e-m/fpv4-sp/hard/crtn.o
                0x0000000008001f88                . = ALIGN (0x4)
                0x0000000008001f88                _etext = .

.vfp11_veneer   0x0000000008001f88        0x0
 .vfp11_veneer  0x0000000008001f88        0x0 linker stubs

.v4_bx          0x0000000008001f88        0x0
 .v4_bx         0x0000000008001f88        0x0 linker stubs

.iplt           0x0000000008001f88        0x0
 .iplt          0x0000000008001f88        0x0 /Applications/Ac6/SystemWorkbench.app/Contents/Eclipse/plugins/fr.ac6.mcu.externaltools.arm-none.macos64_1.15.0.201708311556/tools/compiler/bin/../lib/gcc/arm-none-eabi/6.3.1/thumb/v7e-m/fpv4-sp/hard/crtbegin.o

.rodata         0x0000000008001f88       0x58
                0x0000000008001f88                . = ALIGN (0x4)
 *(.rodata)
 .rodata        0x0000000008001f88       0x18 Src/system_stm32f4xx.o
                0x0000000008001f88                AHBPrescTable
                0x0000000008001f98                APBPrescTable
 *(.rodata*)
 .rodata.str1.4
                0x0000000008001fa0        0xe Src/main.o
 *fill*         0x0000000008001fae        0x2 
 .rodata.str1.4
                0x0000000008001fb0       0x30 bus_wrapper/source/nm_bus_wrapper_stm32.o
                                         0x2d (size before relaxing)
                0x0000000008001fe0                . = ALIGN (0x4)

.ARM.extab
 *(.ARM.extab* .gnu.linkonce.armextab.*)

.ARM            0x0000000008001fe0        0x8
                0x0000000008001fe0                __exidx_start = .
 *(.ARM.exidx*)
 .ARM.exidx     0x0000000008001fe0        0x8 /Applications/Ac6/SystemWorkbench.app/Contents/Eclipse/plugins/fr.ac6.mcu.externaltools.arm-none.macos64_1.15.0.201708311556/tools/compiler/bin/../lib/gcc/arm-none-eabi/6.3.1/thumb/v7e-m/fpv4-sp/hard/libgcc.a(_udivmoddi4.o)
                0x0000000008001fe8                __exidx_end = .

.rel.dyn        0x0000000008001fe8        0x0
 .rel.iplt      0x0000000008001fe8        0x0 /Applications/Ac6/SystemWorkbench.app/Contents/Eclipse/plugins/fr.ac6.mcu.externaltools.arm-none.macos64_1.15.0.201708311556/tools/compiler/bin/../lib/gcc/arm-none-eabi/6.3.1/thumb/v7e-m/fpv4-sp/hard/crtbegin.o

.preinit_array  0x0000000008001fe8        0x0
                0x0000000008001fe8                PROVIDE (__preinit_array_start, .)
 *(.preinit_array*)
                0x0000000008001fe8                PROVIDE (__preinit_array_end, .)

.init_array     0x0000000008001fe8        0x4
                0x0000000008001fe8                PROVIDE (__init_array_start, .)
 *(SORT(.init_array.*))
 *(.init_array*)
 .init_array    0x0000000008001fe8        0x4 /Applications/Ac6/SystemWorkbench.app/Contents/Eclipse/plugins/fr.ac6.mcu.externaltools.arm-none.macos64_1.15.0.201708311556/tools/compiler/bin/../lib/gcc/arm-none-eabi/6.3.1/thumb/v7e-m/fpv4-sp/hard/crtbegin.o
                0x0000000008001fec                PROVIDE (__init_array_end, .)

.fini_array     0x0000000008001fec        0x4
                [!provide]                        PROVIDE (__fini_array_start, .)
 *(SORT(.fini_array.*))
 *(.fini_array*)
 .fini_array    0x0000000008001fec        0x4 /Applications/Ac6/SystemWorkbench.app/Contents/Eclipse/plugins/fr.ac6.mcu.externaltools.arm-none.macos64_1.15.0.201708311556/tools/compiler/bin/../lib/gcc/arm-none-eabi/6.3.1/thumb/v7e-m/fpv4-sp/hard/crtbegin.o
                [!provide]                        PROVIDE (__fini_array_end, .)
                0x0000000008001ff0                _sidata = LOADADDR (.data)

.data           0x0000000020000000        0x8 load address 0x0000000008001ff0
                0x0000000020000000                . = ALIGN (0x4)
                0x0000000020000000                _sdata = .
 *(.data)
 .data          0x0000000020000000        0x4 Src/system_stm32f4xx.o
                0x0000000020000000                SystemCoreClock
 .data          0x0000000020000004        0x2 bus_wrapper/source/nm_bus_wrapper_stm32.o
                0x0000000020000004                egstrNmBusCapabilities
 *(.data*)
                0x0000000020000008                . = ALIGN (0x4)
 *fill*         0x0000000020000006        0x2 
                0x0000000020000008                _edata = .

.jcr            0x0000000020000008        0x0 load address 0x0000000008001ff8
 .jcr           0x0000000020000008        0x0 /Applications/Ac6/SystemWorkbench.app/Contents/Eclipse/plugins/fr.ac6.mcu.externaltools.arm-none.macos64_1.15.0.201708311556/tools/compiler/bin/../lib/gcc/arm-none-eabi/6.3.1/thumb/v7e-m/fpv4-sp/hard/crtbegin.o

.igot.plt       0x0000000020000008        0x0 load address 0x0000000008001ff8
 .igot.plt      0x0000000020000008        0x0 /Applications/Ac6/SystemWorkbench.app/Contents/Eclipse/plugins/fr.ac6.mcu.externaltools.arm-none.macos64_1.15.0.201708311556/tools/compiler/bin/../lib/gcc/arm-none-eabi/6.3.1/thumb/v7e-m/fpv4-sp/hard/crtbegin.o
                0x0000000020000008                . = ALIGN (0x4)

.bss            0x0000000020000008       0xc8 load address 0x0000000008001ff8
                0x0000000020000008                _sbss = .
                0x0000000020000008                __bss_start__ = _sbss
 *(.bss)
 .bss           0x0000000020000008       0x1c /Applications/Ac6/SystemWorkbench.app/Contents/Eclipse/plugins/fr.ac6.mcu.externaltools.arm-none.macos64_1.15.0.201708311556/tools/compiler/bin/../lib/gcc/arm-none-eabi/6.3.1/thumb/v7e-m/fpv4-sp/hard/crtbegin.o
 .bss           0x0000000020000024        0x4 bsp/source/nm_bsp_stm32.o
 .bss           0x0000000020000028       0x18 bus_wrapper/source/nm_bus_wrapper_stm32.o
                0x000000002000003c                wTransferState
 .bss           0x0000000020000040        0x6 driver/source/m2m_wifi.o
 *fill*         0x0000000020000046        0x2 
 .bss           0x0000000020000048        0x4 driver/source/nmasic.o
 *(.bss*)
 *(COMMON)
 COMMON         0x000000002000004c        0x4 Drivers/STM32F4xx_HAL_Driver/Src/stm32f4xx_hal.o
                0x000000002000004c                uwTick
 COMMON         0x0000000020000050       0x58 bus_wrapper/source/nm_bus_wrapper_stm32.o
                0x0000000020000050                SpiHandle
 COMMON         0x00000000200000a8       0x28 driver/source/m2m_hif.o
                0x00000000200000a8                gstrHifCxt
                0x00000000200000d0                . = ALIGN (0x4)
                0x00000000200000d0                _ebss = .
                0x00000000200000d0                __bss_end__ = _ebss

._user_heap_stack
                0x00000000200000d0      0x600 load address 0x0000000008001ff8
                0x00000000200000d0                . = ALIGN (0x8)
                [!provide]                        PROVIDE (end, .)
                [!provide]                        PROVIDE (_end, .)
                0x00000000200002d0                . = (. + _Min_Heap_Size)
 *fill*         0x00000000200000d0      0x200 
                0x00000000200006d0                . = (. + _Min_Stack_Size)
 *fill*         0x00000000200002d0      0x400 
                0x00000000200006d0                . = ALIGN (0x8)

/DISCARD/
 libc.a(*)
 libm.a(*)
 libgcc.a(*)

.ARM.attributes
                0x0000000000000000       0x30
 *(.ARM.attributes)
 .ARM.attributes
                0x0000000000000000       0x22 /Applications/Ac6/SystemWorkbench.app/Contents/Eclipse/plugins/fr.ac6.mcu.externaltools.arm-none.macos64_1.15.0.201708311556/tools/compiler/bin/../lib/gcc/arm-none-eabi/6.3.1/thumb/v7e-m/fpv4-sp/hard/crti.o
 .ARM.attributes
                0x0000000000000022       0x34 /Applications/Ac6/SystemWorkbench.app/Contents/Eclipse/plugins/fr.ac6.mcu.externaltools.arm-none.macos64_1.15.0.201708311556/tools/compiler/bin/../lib/gcc/arm-none-eabi/6.3.1/thumb/v7e-m/fpv4-sp/hard/crtbegin.o
 .ARM.attributes
                0x0000000000000056       0x39 Drivers/STM32F4xx_HAL_Driver/Src/stm32f4xx_hal.o
 .ARM.attributes
                0x000000000000008f       0x39 Drivers/STM32F4xx_HAL_Driver/Src/stm32f4xx_hal_cortex.o
 .ARM.attributes
                0x00000000000000c8       0x39 Drivers/STM32F4xx_HAL_Driver/Src/stm32f4xx_hal_gpio.o
 .ARM.attributes
                0x0000000000000101       0x39 Drivers/STM32F4xx_HAL_Driver/Src/stm32f4xx_hal_rcc.o
 .ARM.attributes
                0x000000000000013a       0x39 Drivers/STM32F4xx_HAL_Driver/Src/stm32f4xx_hal_rcc_ex.o
 .ARM.attributes
                0x0000000000000173       0x39 Drivers/STM32F4xx_HAL_Driver/Src/stm32f4xx_hal_spi.o
 .ARM.attributes
                0x00000000000001ac       0x39 Src/main.o
 .ARM.attributes
                0x00000000000001e5       0x39 Src/stm32f4xx_hal_msp.o
 .ARM.attributes
                0x000000000000021e       0x39 Src/stm32f4xx_it.o
 .ARM.attributes
                0x0000000000000257       0x39 Src/system_stm32f4xx.o
 .ARM.attributes
                0x0000000000000290       0x39 bsp/source/nm_bsp_stm32.o
 .ARM.attributes
                0x00000000000002c9       0x39 bus_wrapper/source/nm_bus_wrapper_stm32.o
 .ARM.attributes
                0x0000000000000302       0x39 common/source/nm_common.o
 .ARM.attributes
                0x000000000000033b       0x39 driver/source/m2m_hif.o
 .ARM.attributes
                0x0000000000000374       0x39 driver/source/m2m_wifi.o
 .ARM.attributes
                0x00000000000003ad       0x39 driver/source/nmasic.o
 .ARM.attributes
                0x00000000000003e6       0x39 driver/source/nmbus.o
 .ARM.attributes
                0x000000000000041f       0x39 driver/source/nmdrv.o
 .ARM.attributes
                0x0000000000000458       0x39 spi_flash/source/spi_flash.o
 .ARM.attributes
                0x0000000000000491       0x21 startup/startup_stm32f446xx.o
 .ARM.attributes
                0x00000000000004b2       0x22 /Applications/Ac6/SystemWorkbench.app/Contents/Eclipse/plugins/fr.ac6.mcu.externaltools.arm-none.macos64_1.15.0.201708311556/tools/compiler/bin/../lib/gcc/arm-none-eabi/6.3.1/thumb/v7e-m/fpv4-sp/hard/libgcc.a(_aeabi_uldivmod.o)
 .ARM.attributes
                0x00000000000004d4       0x34 /Applications/Ac6/SystemWorkbench.app/Contents/Eclipse/plugins/fr.ac6.mcu.externaltools.arm-none.macos64_1.15.0.201708311556/tools/compiler/bin/../lib/gcc/arm-none-eabi/6.3.1/thumb/v7e-m/fpv4-sp/hard/libgcc.a(_udivmoddi4.o)
 .ARM.attributes
                0x0000000000000508       0x22 /Applications/Ac6/SystemWorkbench.app/Contents/Eclipse/plugins/fr.ac6.mcu.externaltools.arm-none.macos64_1.15.0.201708311556/tools/compiler/bin/../lib/gcc/arm-none-eabi/6.3.1/thumb/v7e-m/fpv4-sp/hard/libgcc.a(_dvmd_tls.o)
 .ARM.attributes
                0x000000000000052a       0x34 /Applications/Ac6/SystemWorkbench.app/Contents/Eclipse/plugins/fr.ac6.mcu.externaltools.arm-none.macos64_1.15.0.201708311556/tools/compiler/bin/../lib/gcc/arm-none-eabi/6.3.1/../../../../arm-none-eabi/lib/thumb/v7e-m/fpv4-sp/hard/libc_nano.a(lib_a-init.o)
 .ARM.attributes
                0x000000000000055e       0x22 /Applications/Ac6/SystemWorkbench.app/Contents/Eclipse/plugins/fr.ac6.mcu.externaltools.arm-none.macos64_1.15.0.201708311556/tools/compiler/bin/../lib/gcc/arm-none-eabi/6.3.1/thumb/v7e-m/fpv4-sp/hard/crtn.o
OUTPUT(stmWifi.elf elf32-littlearm)

.debug_info     0x0000000000000000    0x15202
 .debug_info    0x0000000000000000     0x116a Drivers/STM32F4xx_HAL_Driver/Src/stm32f4xx_hal.o
 .debug_info    0x000000000000116a     0x1778 Drivers/STM32F4xx_HAL_Driver/Src/stm32f4xx_hal_cortex.o
 .debug_info    0x00000000000028e2      0xfe5 Drivers/STM32F4xx_HAL_Driver/Src/stm32f4xx_hal_gpio.o
 .debug_info    0x00000000000038c7     0x127a Drivers/STM32F4xx_HAL_Driver/Src/stm32f4xx_hal_rcc.o
 .debug_info    0x0000000000004b41     0x12ab Drivers/STM32F4xx_HAL_Driver/Src/stm32f4xx_hal_rcc_ex.o
 .debug_info    0x0000000000005dec     0x220a Drivers/STM32F4xx_HAL_Driver/Src/stm32f4xx_hal_spi.o
 .debug_info    0x0000000000007ff6     0x1a25 Src/main.o
 .debug_info    0x0000000000009a1b     0x1502 Src/stm32f4xx_hal_msp.o
 .debug_info    0x000000000000af1d      0x982 Src/stm32f4xx_it.o
 .debug_info    0x000000000000b89f      0xd64 Src/system_stm32f4xx.o
 .debug_info    0x000000000000c603     0x11af bsp/source/nm_bsp_stm32.o
 .debug_info    0x000000000000d7b2     0x155f bus_wrapper/source/nm_bus_wrapper_stm32.o
 .debug_info    0x000000000000ed11      0x2c9 common/source/nm_common.o
 .debug_info    0x000000000000efda      0x98d driver/source/m2m_hif.o
 .debug_info    0x000000000000f967     0x2fc3 driver/source/m2m_wifi.o
 .debug_info    0x000000000001292a      0xdf0 driver/source/nmasic.o
 .debug_info    0x000000000001371a      0x433 driver/source/nmbus.o
 .debug_info    0x0000000000013b4d      0x6cb driver/source/nmdrv.o
 .debug_info    0x0000000000014218      0xf64 spi_flash/source/spi_flash.o
 .debug_info    0x000000000001517c       0x86 startup/startup_stm32f446xx.o

.debug_abbrev   0x0000000000000000     0x2ea9
 .debug_abbrev  0x0000000000000000      0x2f2 Drivers/STM32F4xx_HAL_Driver/Src/stm32f4xx_hal.o
 .debug_abbrev  0x00000000000002f2      0x3d4 Drivers/STM32F4xx_HAL_Driver/Src/stm32f4xx_hal_cortex.o
 .debug_abbrev  0x00000000000006c6      0x2a5 Drivers/STM32F4xx_HAL_Driver/Src/stm32f4xx_hal_gpio.o
 .debug_abbrev  0x000000000000096b      0x328 Drivers/STM32F4xx_HAL_Driver/Src/stm32f4xx_hal_rcc.o
 .debug_abbrev  0x0000000000000c93      0x2de Drivers/STM32F4xx_HAL_Driver/Src/stm32f4xx_hal_rcc_ex.o
 .debug_abbrev  0x0000000000000f71      0x2f0 Drivers/STM32F4xx_HAL_Driver/Src/stm32f4xx_hal_spi.o
 .debug_abbrev  0x0000000000001261      0x299 Src/main.o
 .debug_abbrev  0x00000000000014fa      0x252 Src/stm32f4xx_hal_msp.o
 .debug_abbrev  0x000000000000174c      0x1e0 Src/stm32f4xx_it.o
 .debug_abbrev  0x000000000000192c      0x205 Src/system_stm32f4xx.o
 .debug_abbrev  0x0000000000001b31      0x2a9 bsp/source/nm_bsp_stm32.o
 .debug_abbrev  0x0000000000001dda      0x2cd bus_wrapper/source/nm_bus_wrapper_stm32.o
 .debug_abbrev  0x00000000000020a7      0x136 common/source/nm_common.o
 .debug_abbrev  0x00000000000021dd      0x2b4 driver/source/m2m_hif.o
 .debug_abbrev  0x0000000000002491      0x281 driver/source/m2m_wifi.o
 .debug_abbrev  0x0000000000002712      0x25a driver/source/nmasic.o
 .debug_abbrev  0x000000000000296c      0x185 driver/source/nmbus.o
 .debug_abbrev  0x0000000000002af1      0x1ab driver/source/nmdrv.o
 .debug_abbrev  0x0000000000002c9c      0x1fb spi_flash/source/spi_flash.o
 .debug_abbrev  0x0000000000002e97       0x12 startup/startup_stm32f446xx.o

.debug_loc      0x0000000000000000     0x6e83
 .debug_loc     0x0000000000000000       0x69 Drivers/STM32F4xx_HAL_Driver/Src/stm32f4xx_hal.o
 .debug_loc     0x0000000000000069      0x5ce Drivers/STM32F4xx_HAL_Driver/Src/stm32f4xx_hal_cortex.o
 .debug_loc     0x0000000000000637      0x414 Drivers/STM32F4xx_HAL_Driver/Src/stm32f4xx_hal_gpio.o
 .debug_loc     0x0000000000000a4b      0x378 Drivers/STM32F4xx_HAL_Driver/Src/stm32f4xx_hal_rcc.o
 .debug_loc     0x0000000000000dc3      0xa71 Drivers/STM32F4xx_HAL_Driver/Src/stm32f4xx_hal_rcc_ex.o
 .debug_loc     0x0000000000001834     0x1984 Drivers/STM32F4xx_HAL_Driver/Src/stm32f4xx_hal_spi.o
 .debug_loc     0x00000000000031b8       0x60 Src/main.o
 .debug_loc     0x0000000000003218       0x5b Src/stm32f4xx_hal_msp.o
 .debug_loc     0x0000000000003273      0x13e Src/system_stm32f4xx.o
 .debug_loc     0x00000000000033b1       0x9e bsp/source/nm_bsp_stm32.o
 .debug_loc     0x000000000000344f      0x285 bus_wrapper/source/nm_bus_wrapper_stm32.o
 .debug_loc     0x00000000000036d4      0x35b common/source/nm_common.o
 .debug_loc     0x0000000000003a2f      0x61b driver/source/m2m_hif.o
 .debug_loc     0x000000000000404a     0x17d3 driver/source/m2m_wifi.o
 .debug_loc     0x000000000000581d      0x5bd driver/source/nmasic.o
 .debug_loc     0x0000000000005dda      0x2c3 driver/source/nmbus.o
 .debug_loc     0x000000000000609d      0x4a7 driver/source/nmdrv.o
 .debug_loc     0x0000000000006544      0x93f spi_flash/source/spi_flash.o

.debug_aranges  0x0000000000000000      0xaa0
 .debug_aranges
                0x0000000000000000       0xc8 Drivers/STM32F4xx_HAL_Driver/Src/stm32f4xx_hal.o
 .debug_aranges
                0x00000000000000c8       0xa8 Drivers/STM32F4xx_HAL_Driver/Src/stm32f4xx_hal_cortex.o
 .debug_aranges
                0x0000000000000170       0x58 Drivers/STM32F4xx_HAL_Driver/Src/stm32f4xx_hal_gpio.o
 .debug_aranges
                0x00000000000001c8       0x88 Drivers/STM32F4xx_HAL_Driver/Src/stm32f4xx_hal_rcc.o
 .debug_aranges
                0x0000000000000250       0x58 Drivers/STM32F4xx_HAL_Driver/Src/stm32f4xx_hal_rcc_ex.o
 .debug_aranges
                0x00000000000002a8      0x1c8 Drivers/STM32F4xx_HAL_Driver/Src/stm32f4xx_hal_spi.o
 .debug_aranges
                0x0000000000000470       0x38 Src/main.o
 .debug_aranges
                0x00000000000004a8       0x30 Src/stm32f4xx_hal_msp.o
 .debug_aranges
                0x00000000000004d8       0x20 Src/stm32f4xx_it.o
 .debug_aranges
                0x00000000000004f8       0x28 Src/system_stm32f4xx.o
 .debug_aranges
                0x0000000000000520       0x60 bsp/source/nm_bsp_stm32.o
 .debug_aranges
                0x0000000000000580       0x48 bus_wrapper/source/nm_bus_wrapper_stm32.o
 .debug_aranges
                0x00000000000005c8       0x50 common/source/nm_common.o
 .debug_aranges
                0x0000000000000618       0x90 driver/source/m2m_hif.o
 .debug_aranges
                0x00000000000006a8      0x1d0 driver/source/m2m_wifi.o
 .debug_aranges
                0x0000000000000878       0xb0 driver/source/nmasic.o
 .debug_aranges
                0x0000000000000928       0x70 driver/source/nmbus.o
 .debug_aranges
                0x0000000000000998       0x48 driver/source/nmdrv.o
 .debug_aranges
                0x00000000000009e0       0x98 spi_flash/source/spi_flash.o
 .debug_aranges
                0x0000000000000a78       0x28 startup/startup_stm32f446xx.o

.debug_ranges   0x0000000000000000      0xab8
 .debug_ranges  0x0000000000000000       0xb8 Drivers/STM32F4xx_HAL_Driver/Src/stm32f4xx_hal.o
 .debug_ranges  0x00000000000000b8       0xf8 Drivers/STM32F4xx_HAL_Driver/Src/stm32f4xx_hal_cortex.o
 .debug_ranges  0x00000000000001b0       0x48 Drivers/STM32F4xx_HAL_Driver/Src/stm32f4xx_hal_gpio.o
 .debug_ranges  0x00000000000001f8       0x78 Drivers/STM32F4xx_HAL_Driver/Src/stm32f4xx_hal_rcc.o
 .debug_ranges  0x0000000000000270       0x48 Drivers/STM32F4xx_HAL_Driver/Src/stm32f4xx_hal_rcc_ex.o
 .debug_ranges  0x00000000000002b8      0x1b8 Drivers/STM32F4xx_HAL_Driver/Src/stm32f4xx_hal_spi.o
 .debug_ranges  0x0000000000000470       0x28 Src/main.o
 .debug_ranges  0x0000000000000498       0x20 Src/stm32f4xx_hal_msp.o
 .debug_ranges  0x00000000000004b8       0x10 Src/stm32f4xx_it.o
 .debug_ranges  0x00000000000004c8       0x18 Src/system_stm32f4xx.o
 .debug_ranges  0x00000000000004e0       0x50 bsp/source/nm_bsp_stm32.o
 .debug_ranges  0x0000000000000530       0x38 bus_wrapper/source/nm_bus_wrapper_stm32.o
 .debug_ranges  0x0000000000000568       0x58 common/source/nm_common.o
 .debug_ranges  0x00000000000005c0       0xd8 driver/source/m2m_hif.o
 .debug_ranges  0x0000000000000698      0x240 driver/source/m2m_wifi.o
 .debug_ranges  0x00000000000008d8       0xa0 driver/source/nmasic.o
 .debug_ranges  0x0000000000000978       0x60 driver/source/nmbus.o
 .debug_ranges  0x00000000000009d8       0x38 driver/source/nmdrv.o
 .debug_ranges  0x0000000000000a10       0x88 spi_flash/source/spi_flash.o
 .debug_ranges  0x0000000000000a98       0x20 startup/startup_stm32f446xx.o

.debug_macro    0x0000000000000000    0x21f81
 .debug_macro   0x0000000000000000      0x360 Drivers/STM32F4xx_HAL_Driver/Src/stm32f4xx_hal.o
 .debug_macro   0x0000000000000360      0x8bc Drivers/STM32F4xx_HAL_Driver/Src/stm32f4xx_hal.o
 .debug_macro   0x0000000000000c1c       0x64 Drivers/STM32F4xx_HAL_Driver/Src/stm32f4xx_hal.o
 .debug_macro   0x0000000000000c80      0x17a Drivers/STM32F4xx_HAL_Driver/Src/stm32f4xx_hal.o
 .debug_macro   0x0000000000000dfa       0x32 Drivers/STM32F4xx_HAL_Driver/Src/stm32f4xx_hal.o
 .debug_macro   0x0000000000000e2c       0x28 Drivers/STM32F4xx_HAL_Driver/Src/stm32f4xx_hal.o
 .debug_macro   0x0000000000000e54       0x22 Drivers/STM32F4xx_HAL_Driver/Src/stm32f4xx_hal.o
 .debug_macro   0x0000000000000e76       0x87 Drivers/STM32F4xx_HAL_Driver/Src/stm32f4xx_hal.o
 .debug_macro   0x0000000000000efd       0x51 Drivers/STM32F4xx_HAL_Driver/Src/stm32f4xx_hal.o
 .debug_macro   0x0000000000000f4e       0xef Drivers/STM32F4xx_HAL_Driver/Src/stm32f4xx_hal.o
 .debug_macro   0x000000000000103d       0x6a Drivers/STM32F4xx_HAL_Driver/Src/stm32f4xx_hal.o
 .debug_macro   0x00000000000010a7      0x1df Drivers/STM32F4xx_HAL_Driver/Src/stm32f4xx_hal.o
 .debug_macro   0x0000000000001286       0x35 Drivers/STM32F4xx_HAL_Driver/Src/stm32f4xx_hal.o
 .debug_macro   0x00000000000012bb       0x50 Drivers/STM32F4xx_HAL_Driver/Src/stm32f4xx_hal.o
 .debug_macro   0x000000000000130b      0xe66 Drivers/STM32F4xx_HAL_Driver/Src/stm32f4xx_hal.o
 .debug_macro   0x0000000000002171    0x16607 Drivers/STM32F4xx_HAL_Driver/Src/stm32f4xx_hal.o
 .debug_macro   0x0000000000018778       0x43 Drivers/STM32F4xx_HAL_Driver/Src/stm32f4xx_hal.o
 .debug_macro   0x00000000000187bb     0x3535 Drivers/STM32F4xx_HAL_Driver/Src/stm32f4xx_hal.o
 .debug_macro   0x000000000001bcf0       0x58 Drivers/STM32F4xx_HAL_Driver/Src/stm32f4xx_hal.o
 .debug_macro   0x000000000001bd48       0x35 Drivers/STM32F4xx_HAL_Driver/Src/stm32f4xx_hal.o
 .debug_macro   0x000000000001bd7d       0x9c Drivers/STM32F4xx_HAL_Driver/Src/stm32f4xx_hal.o
 .debug_macro   0x000000000001be19       0x16 Drivers/STM32F4xx_HAL_Driver/Src/stm32f4xx_hal.o
 .debug_macro   0x000000000001be2f       0x97 Drivers/STM32F4xx_HAL_Driver/Src/stm32f4xx_hal.o
 .debug_macro   0x000000000001bec6      0x330 Drivers/STM32F4xx_HAL_Driver/Src/stm32f4xx_hal.o
 .debug_macro   0x000000000001c1f6       0xfd Drivers/STM32F4xx_HAL_Driver/Src/stm32f4xx_hal.o
 .debug_macro   0x000000000001c2f3       0x10 Drivers/STM32F4xx_HAL_Driver/Src/stm32f4xx_hal.o
 .debug_macro   0x000000000001c303       0x58 Drivers/STM32F4xx_HAL_Driver/Src/stm32f4xx_hal.o
 .debug_macro   0x000000000001c35b       0x1f Drivers/STM32F4xx_HAL_Driver/Src/stm32f4xx_hal.o
 .debug_macro   0x000000000001c37a       0x43 Drivers/STM32F4xx_HAL_Driver/Src/stm32f4xx_hal.o
 .debug_macro   0x000000000001c3bd       0x20 Drivers/STM32F4xx_HAL_Driver/Src/stm32f4xx_hal.o
 .debug_macro   0x000000000001c3dd      0x187 Drivers/STM32F4xx_HAL_Driver/Src/stm32f4xx_hal.o
 .debug_macro   0x000000000001c564       0x10 Drivers/STM32F4xx_HAL_Driver/Src/stm32f4xx_hal.o
 .debug_macro   0x000000000001c574       0x1c Drivers/STM32F4xx_HAL_Driver/Src/stm32f4xx_hal.o
 .debug_macro   0x000000000001c590       0x52 Drivers/STM32F4xx_HAL_Driver/Src/stm32f4xx_hal.o
 .debug_macro   0x000000000001c5e2       0x40 Drivers/STM32F4xx_HAL_Driver/Src/stm32f4xx_hal.o
 .debug_macro   0x000000000001c622       0x10 Drivers/STM32F4xx_HAL_Driver/Src/stm32f4xx_hal.o
 .debug_macro   0x000000000001c632       0x40 Drivers/STM32F4xx_HAL_Driver/Src/stm32f4xx_hal.o
 .debug_macro   0x000000000001c672       0xd7 Drivers/STM32F4xx_HAL_Driver/Src/stm32f4xx_hal.o
 .debug_macro   0x000000000001c749       0x16 Drivers/STM32F4xx_HAL_Driver/Src/stm32f4xx_hal.o
 .debug_macro   0x000000000001c75f      0x18b Drivers/STM32F4xx_HAL_Driver/Src/stm32f4xx_hal.o
 .debug_macro   0x000000000001c8ea       0x50 Drivers/STM32F4xx_HAL_Driver/Src/stm32f4xx_hal.o
 .debug_macro   0x000000000001c93a      0xc90 Drivers/STM32F4xx_HAL_Driver/Src/stm32f4xx_hal.o
 .debug_macro   0x000000000001d5ca      0x9e6 Drivers/STM32F4xx_HAL_Driver/Src/stm32f4xx_hal.o
 .debug_macro   0x000000000001dfb0      0x11e Drivers/STM32F4xx_HAL_Driver/Src/stm32f4xx_hal.o
 .debug_macro   0x000000000001e0ce      0x1a0 Drivers/STM32F4xx_HAL_Driver/Src/stm32f4xx_hal.o
 .debug_macro   0x000000000001e26e       0x27 Drivers/STM32F4xx_HAL_Driver/Src/stm32f4xx_hal.o
 .debug_macro   0x000000000001e295      0x287 Drivers/STM32F4xx_HAL_Driver/Src/stm32f4xx_hal.o
 .debug_macro   0x000000000001e51c       0x5f Drivers/STM32F4xx_HAL_Driver/Src/stm32f4xx_hal.o
 .debug_macro   0x000000000001e57b      0x23a Drivers/STM32F4xx_HAL_Driver/Src/stm32f4xx_hal.o
 .debug_macro   0x000000000001e7b5      0x13a Drivers/STM32F4xx_HAL_Driver/Src/stm32f4xx_hal.o
 .debug_macro   0x000000000001e8ef      0x29c Drivers/STM32F4xx_HAL_Driver/Src/stm32f4xx_hal.o
 .debug_macro   0x000000000001eb8b       0x2e Drivers/STM32F4xx_HAL_Driver/Src/stm32f4xx_hal.o
 .debug_macro   0x000000000001ebb9      0x11e Drivers/STM32F4xx_HAL_Driver/Src/stm32f4xx_hal.o
 .debug_macro   0x000000000001ecd7       0xe8 Drivers/STM32F4xx_HAL_Driver/Src/stm32f4xx_hal.o
 .debug_macro   0x000000000001edbf       0x89 Drivers/STM32F4xx_HAL_Driver/Src/stm32f4xx_hal.o
 .debug_macro   0x000000000001ee48      0x202 Drivers/STM32F4xx_HAL_Driver/Src/stm32f4xx_hal.o
 .debug_macro   0x000000000001f04a      0x11e Drivers/STM32F4xx_HAL_Driver/Src/stm32f4xx_hal.o
 .debug_macro   0x000000000001f168      0x300 Drivers/STM32F4xx_HAL_Driver/Src/stm32f4xx_hal_cortex.o
 .debug_macro   0x000000000001f468      0x338 Drivers/STM32F4xx_HAL_Driver/Src/stm32f4xx_hal_gpio.o
 .debug_macro   0x000000000001f7a0      0x324 Drivers/STM32F4xx_HAL_Driver/Src/stm32f4xx_hal_rcc.o
 .debug_macro   0x000000000001fac4      0x300 Drivers/STM32F4xx_HAL_Driver/Src/stm32f4xx_hal_rcc_ex.o
 .debug_macro   0x000000000001fdc4      0x308 Drivers/STM32F4xx_HAL_Driver/Src/stm32f4xx_hal_spi.o
 .debug_macro   0x00000000000200cc      0x351 Src/main.o
 .debug_macro   0x000000000002041d       0x2a Src/main.o
 .debug_macro   0x0000000000020447       0x10 Src/main.o
 .debug_macro   0x0000000000020457       0x46 Src/main.o
 .debug_macro   0x000000000002049d      0x194 Src/main.o
 .debug_macro   0x0000000000020631      0x246 Src/main.o
 .debug_macro   0x0000000000020877      0x300 Src/stm32f4xx_hal_msp.o
 .debug_macro   0x0000000000020b77      0x30a Src/stm32f4xx_it.o
 .debug_macro   0x0000000000020e81      0x306 Src/system_stm32f4xx.o
 .debug_macro   0x0000000000021187      0x339 bsp/source/nm_bsp_stm32.o
 .debug_macro   0x00000000000214c0       0x30 bsp/source/nm_bsp_stm32.o
 .debug_macro   0x00000000000214f0      0x193 bsp/source/nm_bsp_stm32.o
 .debug_macro   0x0000000000021683       0x34 bsp/source/nm_bsp_stm32.o
 .debug_macro   0x00000000000216b7      0x33c bus_wrapper/source/nm_bus_wrapper_stm32.o
 .debug_macro   0x00000000000219f3       0x52 bus_wrapper/source/nm_bus_wrapper_stm32.o
 .debug_macro   0x0000000000021a45       0x8d bus_wrapper/source/nm_bus_wrapper_stm32.o
 .debug_macro   0x0000000000021ad2       0x57 bus_wrapper/source/nm_bus_wrapper_stm32.o
 .debug_macro   0x0000000000021b29       0x34 bus_wrapper/source/nm_bus_wrapper_stm32.o
 .debug_macro   0x0000000000021b5d       0x3b bus_wrapper/source/nm_bus_wrapper_stm32.o
 .debug_macro   0x0000000000021b98       0x41 common/source/nm_common.o
 .debug_macro   0x0000000000021bd9       0xad driver/source/m2m_hif.o
 .debug_macro   0x0000000000021c86       0x70 driver/source/m2m_wifi.o
 .debug_macro   0x0000000000021cf6       0xa8 driver/source/nmasic.o
 .debug_macro   0x0000000000021d9e       0x78 driver/source/nmbus.o
 .debug_macro   0x0000000000021e16       0x8c driver/source/nmdrv.o
 .debug_macro   0x0000000000021ea2       0xdf spi_flash/source/spi_flash.o

.debug_line     0x0000000000000000     0x9c67
 .debug_line    0x0000000000000000      0x9fa Drivers/STM32F4xx_HAL_Driver/Src/stm32f4xx_hal.o
 .debug_line    0x00000000000009fa      0xa79 Drivers/STM32F4xx_HAL_Driver/Src/stm32f4xx_hal_cortex.o
 .debug_line    0x0000000000001473      0x9e3 Drivers/STM32F4xx_HAL_Driver/Src/stm32f4xx_hal_gpio.o
 .debug_line    0x0000000000001e56      0xac0 Drivers/STM32F4xx_HAL_Driver/Src/stm32f4xx_hal_rcc.o
 .debug_line    0x0000000000002916      0xc16 Drivers/STM32F4xx_HAL_Driver/Src/stm32f4xx_hal_rcc_ex.o
 .debug_line    0x000000000000352c     0x1249 Drivers/STM32F4xx_HAL_Driver/Src/stm32f4xx_hal_spi.o
 .debug_line    0x0000000000004775      0xa49 Src/main.o
 .debug_line    0x00000000000051be      0x898 Src/stm32f4xx_hal_msp.o
 .debug_line    0x0000000000005a56      0x869 Src/stm32f4xx_it.o
 .debug_line    0x00000000000062bf      0x88d Src/system_stm32f4xx.o
 .debug_line    0x0000000000006b4c      0x9e7 bsp/source/nm_bsp_stm32.o
 .debug_line    0x0000000000007533      0xa5e bus_wrapper/source/nm_bus_wrapper_stm32.o
 .debug_line    0x0000000000007f91      0x1c8 common/source/nm_common.o
 .debug_line    0x0000000000008159      0x42a driver/source/m2m_hif.o
 .debug_line    0x0000000000008583      0x7d6 driver/source/m2m_wifi.o
 .debug_line    0x0000000000008d59      0x43f driver/source/nmasic.o
 .debug_line    0x0000000000009198      0x27e driver/source/nmbus.o
 .debug_line    0x0000000000009416      0x39f driver/source/nmdrv.o
 .debug_line    0x00000000000097b5      0x433 spi_flash/source/spi_flash.o
 .debug_line    0x0000000000009be8       0x7f startup/startup_stm32f446xx.o

.debug_str      0x0000000000000000    0xc593e
 .debug_str     0x0000000000000000    0xbf94f Drivers/STM32F4xx_HAL_Driver/Src/stm32f4xx_hal.o
                                      0xbfd5b (size before relaxing)
 .debug_str     0x00000000000bf94f      0x3a7 Drivers/STM32F4xx_HAL_Driver/Src/stm32f4xx_hal_cortex.o
                                      0xbfb2e (size before relaxing)
 .debug_str     0x00000000000bfcf6      0x292 Drivers/STM32F4xx_HAL_Driver/Src/stm32f4xx_hal_gpio.o
                                      0xbf4a5 (size before relaxing)
 .debug_str     0x00000000000bff88      0x370 Drivers/STM32F4xx_HAL_Driver/Src/stm32f4xx_hal_rcc.o
                                      0xbf65b (size before relaxing)
 .debug_str     0x00000000000c02f8      0x2be Drivers/STM32F4xx_HAL_Driver/Src/stm32f4xx_hal_rcc_ex.o
                                      0xbf636 (size before relaxing)
 .debug_str     0x00000000000c05b6      0x8fe Drivers/STM32F4xx_HAL_Driver/Src/stm32f4xx_hal_spi.o
                                      0xbfa66 (size before relaxing)
 .debug_str     0x00000000000c0eb4     0x18ed Src/main.o
                                      0xc16aa (size before relaxing)
 .debug_str     0x00000000000c27a1       0x1b Src/stm32f4xx_hal_msp.o
                                      0xbfc06 (size before relaxing)
 .debug_str     0x00000000000c27bc       0x38 Src/stm32f4xx_it.o
                                      0xbf0dc (size before relaxing)
 .debug_str     0x00000000000c27f4       0x5a Src/system_stm32f4xx.o
                                      0xbf261 (size before relaxing)
 .debug_str     0x00000000000c284e      0x23f bsp/source/nm_bsp_stm32.o
                                      0xc01aa (size before relaxing)
 .debug_str     0x00000000000c2a8d      0x284 bus_wrapper/source/nm_bus_wrapper_stm32.o
                                      0xc026d (size before relaxing)
 .debug_str     0x00000000000c2d11       0xbf common/source/nm_common.o
                                       0x2f12 (size before relaxing)
 .debug_str     0x00000000000c2dd0      0x919 driver/source/m2m_hif.o
                                       0x47fc (size before relaxing)
 .debug_str     0x00000000000c36e9     0x1909 driver/source/m2m_wifi.o
                                       0x5f0b (size before relaxing)
 .debug_str     0x00000000000c4ff2      0x363 driver/source/nmasic.o
                                       0x4772 (size before relaxing)
 .debug_str     0x00000000000c5355       0xd4 driver/source/nmbus.o
                                       0x30c5 (size before relaxing)
 .debug_str     0x00000000000c5429       0xb5 driver/source/nmdrv.o
                                       0x4611 (size before relaxing)
 .debug_str     0x00000000000c54de      0x460 spi_flash/source/spi_flash.o
                                       0x3951 (size before relaxing)

.comment        0x0000000000000000       0x7f
 .comment       0x0000000000000000       0x7f Drivers/STM32F4xx_HAL_Driver/Src/stm32f4xx_hal.o
                                         0x80 (size before relaxing)
 .comment       0x000000000000007f       0x80 Drivers/STM32F4xx_HAL_Driver/Src/stm32f4xx_hal_cortex.o
 .comment       0x000000000000007f       0x80 Drivers/STM32F4xx_HAL_Driver/Src/stm32f4xx_hal_gpio.o
 .comment       0x000000000000007f       0x80 Drivers/STM32F4xx_HAL_Driver/Src/stm32f4xx_hal_rcc.o
 .comment       0x000000000000007f       0x80 Drivers/STM32F4xx_HAL_Driver/Src/stm32f4xx_hal_rcc_ex.o
 .comment       0x000000000000007f       0x80 Drivers/STM32F4xx_HAL_Driver/Src/stm32f4xx_hal_spi.o
 .comment       0x000000000000007f       0x80 Src/main.o
 .comment       0x000000000000007f       0x80 Src/stm32f4xx_hal_msp.o
 .comment       0x000000000000007f       0x80 Src/stm32f4xx_it.o
 .comment       0x000000000000007f       0x80 Src/system_stm32f4xx.o
 .comment       0x000000000000007f       0x80 bsp/source/nm_bsp_stm32.o
 .comment       0x000000000000007f       0x80 bus_wrapper/source/nm_bus_wrapper_stm32.o
 .comment       0x000000000000007f       0x80 common/source/nm_common.o
 .comment       0x000000000000007f       0x80 driver/source/m2m_hif.o
 .comment       0x000000000000007f       0x80 driver/source/m2m_wifi.o
 .comment       0x000000000000007f       0x80 driver/source/nmasic.o
 .comment       0x000000000000007f       0x80 driver/source/nmbus.o
 .comment       0x000000000000007f       0x80 driver/source/nmdrv.o
 .comment       0x000000000000007f       0x80 spi_flash/source/spi_flash.o

.debug_frame    0x0000000000000000     0x1d94
 .debug_frame   0x0000000000000000      0x198 Drivers/STM32F4xx_HAL_Driver/Src/stm32f4xx_hal.o
 .debug_frame   0x0000000000000198      0x15c Drivers/STM32F4xx_HAL_Driver/Src/stm32f4xx_hal_cortex.o
 .debug_frame   0x00000000000002f4       0xd0 Drivers/STM32F4xx_HAL_Driver/Src/stm32f4xx_hal_gpio.o
 .debug_frame   0x00000000000003c4      0x170 Drivers/STM32F4xx_HAL_Driver/Src/stm32f4xx_hal_rcc.o
 .debug_frame   0x0000000000000534       0xd8 Drivers/STM32F4xx_HAL_Driver/Src/stm32f4xx_hal_rcc_ex.o
 .debug_frame   0x000000000000060c      0x560 Drivers/STM32F4xx_HAL_Driver/Src/stm32f4xx_hal_spi.o
 .debug_frame   0x0000000000000b6c       0x7c Src/main.o
 .debug_frame   0x0000000000000be8       0x64 Src/stm32f4xx_hal_msp.o
 .debug_frame   0x0000000000000c4c       0x28 Src/stm32f4xx_it.o
 .debug_frame   0x0000000000000c74       0x30 Src/system_stm32f4xx.o
 .debug_frame   0x0000000000000ca4       0xf0 bsp/source/nm_bsp_stm32.o
 .debug_frame   0x0000000000000d94       0xbc bus_wrapper/source/nm_bus_wrapper_stm32.o
 .debug_frame   0x0000000000000e50       0xb4 common/source/nm_common.o
 .debug_frame   0x0000000000000f04      0x178 driver/source/m2m_hif.o
 .debug_frame   0x000000000000107c      0x638 driver/source/m2m_wifi.o
 .debug_frame   0x00000000000016b4      0x258 driver/source/nmasic.o
 .debug_frame   0x000000000000190c       0xf8 driver/source/nmbus.o
 .debug_frame   0x0000000000001a04       0xc8 driver/source/nmdrv.o
 .debug_frame   0x0000000000001acc      0x23c spi_flash/source/spi_flash.o
 .debug_frame   0x0000000000001d08       0x2c /Applications/Ac6/SystemWorkbench.app/Contents/Eclipse/plugins/fr.ac6.mcu.externaltools.arm-none.macos64_1.15.0.201708311556/tools/compiler/bin/../lib/gcc/arm-none-eabi/6.3.1/thumb/v7e-m/fpv4-sp/hard/libgcc.a(_aeabi_uldivmod.o)
 .debug_frame   0x0000000000001d34       0x34 /Applications/Ac6/SystemWorkbench.app/Contents/Eclipse/plugins/fr.ac6.mcu.externaltools.arm-none.macos64_1.15.0.201708311556/tools/compiler/bin/../lib/gcc/arm-none-eabi/6.3.1/thumb/v7e-m/fpv4-sp/hard/libgcc.a(_udivmoddi4.o)
 .debug_frame   0x0000000000001d68       0x2c /Applications/Ac6/SystemWorkbench.app/Contents/Eclipse/plugins/fr.ac6.mcu.externaltools.arm-none.macos64_1.15.0.201708311556/tools/compiler/bin/../lib/gcc/arm-none-eabi/6.3.1/../../../../arm-none-eabi/lib/thumb/v7e-m/fpv4-sp/hard/libc_nano.a(lib_a-init.o)
